<?xml version="1.0" encoding="UTF-8"?>
<testsuites name="jest tests" tests="2" failures="0" errors="0" time="1.31">
  <testsuite name="App" errors="0" failures="0" skipped="0" timestamp="2024-05-26T02:17:20" time="0.834" tests="2">
    <testcase classname="App should initialize and set userIsAuthenticated to false" name="App should initialize and set userIsAuthenticated to false" time="0.002">
    </testcase>
    <testcase classname="App should add event listener for DOMContentLoaded" name="App should add event listener for DOMContentLoaded" time="0.001">
    </testcase>
  </testsuite>
</testsuites>